â•”â•â•â•â•â•â•â•â•â•â•â•â•â•â•â•â•â•â•â•â•â•â•â•â•â•â•â•â•â•â•â•â•â•â•â•â•â•â•â•â•â•â•â•â•â•â•â•â•â•â•â•â•â•â•â•â•â•â•â•â•â•â•â•â•â•â•â•â•â•â•â•â•â•â•â•â•â•â•â•â•â•â•â•â•â•—
â•‘                          âš¡ RENDER QUICK COMMANDS                                  â•‘
â•‘                    Commandes rapides pour Render Shell                             â•‘
â•šâ•â•â•â•â•â•â•â•â•â•â•â•â•â•â•â•â•â•â•â•â•â•â•â•â•â•â•â•â•â•â•â•â•â•â•â•â•â•â•â•â•â•â•â•â•â•â•â•â•â•â•â•â•â•â•â•â•â•â•â•â•â•â•â•â•â•â•â•â•â•â•â•â•â•â•â•â•â•â•â•â•â•â•â•â•


ğŸ¯ ACCÃ‰DER AU SHELL RENDER:
â•â•â•â•â•â•â•â•â•â•â•â•â•â•â•â•â•â•â•â•â•â•â•â•â•â•â•â•â•â•â•â•â•â•â•â•â•â•â•â•â•â•â•â•â•â•â•â•â•â•â•â•â•â•â•â•â•â•â•â•â•â•â•â•â•â•â•â•â•â•â•â•â•â•â•â•â•â•â•â•â•â•â•â•

1. Allez sur https://render.com/dashboard
2. Cliquez sur votre Web Service (moncv)
3. Cliquez sur "Shell" en haut


â•â•â•â•â•â•â•â•â•â•â•â•â•â•â•â•â•â•â•â•â•â•â•â•â•â•â•â•â•â•â•â•â•â•â•â•â•â•â•â•â•â•â•â•â•â•â•â•â•â•â•â•â•â•â•â•â•â•â•â•â•â•â•â•â•â•â•â•â•â•â•â•â•â•â•â•â•â•â•â•â•â•â•â•â•â•â•

ğŸ“‹ COMMANDES ESSENTIELLES:
â•â•â•â•â•â•â•â•â•â•â•â•â•â•â•â•â•â•â•â•â•â•â•â•â•â•â•â•â•â•â•â•â•â•â•â•â•â•â•â•â•â•â•â•â•â•â•â•â•â•â•â•â•â•â•â•â•â•â•â•â•â•â•â•â•â•â•â•â•â•â•â•â•â•â•â•â•â•â•â•â•â•â•â•


DÃ‰MARRAGE & CONFIG:
â”€â”€â”€â”€â”€â”€â”€â”€â”€â”€â”€â”€â”€â”€â”€â”€â”€â”€â”€

VÃ©rifier la configuration Django:
$ python manage.py check

Voir les variables d'environnement:
$ printenv | grep DJANGO

VÃ©rifier la base de donnÃ©es:
$ python manage.py dbshell

Quitter dbshell:
> \q


BASE DE DONNÃ‰ES:
â”€â”€â”€â”€â”€â”€â”€â”€â”€â”€â”€â”€â”€â”€â”€â”€

Afficher les migrations:
$ python manage.py showmigrations

CrÃ©er les migrations:
$ python manage.py makemigrations

Appliquer les migrations:
$ python manage.py migrate

Voir l'Ã©tat de la base:
$ python manage.py dbshell
> SELECT COUNT(*) FROM django_migrations;


UTILISATEURS & ADMIN:
â”€â”€â”€â”€â”€â”€â”€â”€â”€â”€â”€â”€â”€â”€â”€â”€â”€â”€â”€â”€â”€

CrÃ©er un superuser:
$ python manage.py createsuperuser

Changer le mot de passe d'un utilisateur:
$ python manage.py changepassword admin

Lister les utilisateurs:
$ python manage.py shell
>>> from django.contrib.auth.models import User
>>> for u in User.objects.all():
...     print(f"{u.username} - {u.email}")
>>> exit()

CrÃ©er un utilisateur depuis le shell:
$ python manage.py shell
>>> from django.contrib.auth.models import User
>>> User.objects.create_superuser('admin', 'email@example.com', 'password')
>>> exit()


FICHIERS STATIQUES:
â”€â”€â”€â”€â”€â”€â”€â”€â”€â”€â”€â”€â”€â”€â”€â”€â”€â”€â”€

Collecter les fichiers statiques:
$ python manage.py collectstatic --noinput

Supprimer les fichiers statiques et recollect:
$ python manage.py collectstatic --clear --noinput


DONNÃ‰ES & DUMP:
â”€â”€â”€â”€â”€â”€â”€â”€â”€â”€â”€â”€â”€â”€â”€

Exporter les donnÃ©es (backup):
$ python manage.py dumpdata > backup.json

Importer les donnÃ©es:
$ python manage.py loaddata backup.json


LOGS & MONITORING:
â”€â”€â”€â”€â”€â”€â”€â”€â”€â”€â”€â”€â”€â”€â”€â”€â”€â”€

Voir les logs en temps rÃ©el (depuis Render UI):
â†’ Allez dans l'onglet "Logs"

Suivre les logs (dans Shell):
$ tail -f /var/log/gunicorn.log

Voir les erreurs rÃ©centes:
$ python manage.py shell
>>> from django.views.debug import get_exception_repr_try
>>> # Ou vÃ©rifier simplement les logs


SHELL DJANGO INTERACTIF:
â”€â”€â”€â”€â”€â”€â”€â”€â”€â”€â”€â”€â”€â”€â”€â”€â”€â”€â”€â”€â”€â”€â”€â”€

Ouvrir le shell Django:
$ python manage.py shell

Exemples de commandes:

>>> from django.contrib.auth.models import User
>>> User.objects.count()  # Nombre d'utilisateurs

>>> User.objects.all()  # Tous les utilisateurs

>>> u = User.objects.get(username='admin')  # RÃ©cupÃ©rer un utilisateur
>>> u.email  # Voir l'email

>>> u.email = 'newemail@example.com'  # Changer l'email
>>> u.save()  # Sauvegarder

>>> exit()  # Quitter le shell


â•â•â•â•â•â•â•â•â•â•â•â•â•â•â•â•â•â•â•â•â•â•â•â•â•â•â•â•â•â•â•â•â•â•â•â•â•â•â•â•â•â•â•â•â•â•â•â•â•â•â•â•â•â•â•â•â•â•â•â•â•â•â•â•â•â•â•â•â•â•â•â•â•â•â•â•â•â•â•â•â•â•â•â•â•â•â•

âš™ï¸ PROBLÃˆMES COURANTS & SOLUTIONS:
â•â•â•â•â•â•â•â•â•â•â•â•â•â•â•â•â•â•â•â•â•â•â•â•â•â•â•â•â•â•â•â•â•â•â•â•â•â•â•â•â•â•â•â•â•â•â•â•â•â•â•â•â•â•â•â•â•â•â•â•â•â•â•â•â•â•â•â•â•â•â•â•â•â•â•â•â•â•â•â•â•â•â•â•


"ModuleNotFoundError" aprÃ¨s dÃ©ploiement
â”€â”€â”€â”€â”€â”€â”€â”€â”€â”€â”€â”€â”€â”€â”€â”€â”€â”€â”€â”€â”€â”€â”€â”€â”€â”€â”€â”€â”€â”€â”€â”€â”€â”€â”€â”€â”€â”€â”€â”€â”€

Dans le Shell Render:
$ pip list | grep [package-name]

Si le package manque:
1. Allez dans votre repo local
2. Installez le package: pip install [package-name]
3. Mettez Ã  jour requirements.txt: pip freeze > requirements.txt
4. Committez: git add requirements.txt && git commit -m "Add package"
5. Poussez: git push origin main
6. Render redÃ©ploiera automatiquement


"Database connection refused"
â”€â”€â”€â”€â”€â”€â”€â”€â”€â”€â”€â”€â”€â”€â”€â”€â”€â”€â”€â”€â”€â”€â”€â”€â”€â”€â”€â”€â”€â”€

Dans le Shell Render:
$ python manage.py dbshell

Si Ã§a fonctionne, la DB est OK.

Si erreur:
1. Attendez 5 minutes (PostgreSQL initialisation)
2. VÃ©rifiez DATABASE_URL: echo $DATABASE_URL
3. VÃ©rifiez que PostgreSQL est en "Available" state sur Render


"Static files 404"
â”€â”€â”€â”€â”€â”€â”€â”€â”€â”€â”€â”€â”€â”€â”€â”€â”€â”€

Dans le Shell Render:
$ python manage.py collectstatic --noinput

VÃ©rifiez WHITENOISE_STORAGE dans settings_railway.py

RedÃ©ployer:
â†’ Cliquez "Redeploy" sur Render


"502 Bad Gateway"
â”€â”€â”€â”€â”€â”€â”€â”€â”€â”€â”€â”€â”€â”€â”€â”€â”€â”€

1. Attendez 1-2 minutes (service redÃ©marre)
2. Actualiser la page
3. VÃ©rifier les logs


â•â•â•â•â•â•â•â•â•â•â•â•â•â•â•â•â•â•â•â•â•â•â•â•â•â•â•â•â•â•â•â•â•â•â•â•â•â•â•â•â•â•â•â•â•â•â•â•â•â•â•â•â•â•â•â•â•â•â•â•â•â•â•â•â•â•â•â•â•â•â•â•â•â•â•â•â•â•â•â•â•â•â•â•â•â•â•

ï¿½ï¿½ INSPECTION & DÃ‰BOGAGE:
â•â•â•â•â•â•â•â•â•â•â•â•â•â•â•â•â•â•â•â•â•â•â•â•â•â•â•â•â•â•â•â•â•â•â•â•â•â•â•â•â•â•â•â•â•â•â•â•â•â•â•â•â•â•â•â•â•â•â•â•â•â•â•â•â•â•â•â•â•â•â•â•â•â•â•â•â•â•â•â•â•â•â•â•


Voir les variables d'environnement:
$ env | sort

Chercher une variable spÃ©cifique:
$ echo $DEBUG
$ echo $ALLOWED_HOSTS
$ echo $SECRET_KEY

VÃ©rifier les permissions:
$ ls -la moncv/
$ pwd  # RÃ©pertoire courant

Voir l'espace disque:
$ df -h

Voir la mÃ©moire utilisÃ©e:
$ free -h

Voir les processus:
$ ps aux | grep gunicorn


â•â•â•â•â•â•â•â•â•â•â•â•â•â•â•â•â•â•â•â•â•â•â•â•â•â•â•â•â•â•â•â•â•â•â•â•â•â•â•â•â•â•â•â•â•â•â•â•â•â•â•â•â•â•â•â•â•â•â•â•â•â•â•â•â•â•â•â•â•â•â•â•â•â•â•â•â•â•â•â•â•â•â•â•â•â•â•

ğŸ“Š STATISTIQUES & INFO:
â•â•â•â•â•â•â•â•â•â•â•â•â•â•â•â•â•â•â•â•â•â•â•â•â•â•â•â•â•â•â•â•â•â•â•â•â•â•â•â•â•â•â•â•â•â•â•â•â•â•â•â•â•â•â•â•â•â•â•â•â•â•â•â•â•â•â•â•â•â•â•â•â•â•â•â•â•â•â•â•â•â•â•â•


Nombre d'utilisateurs:
$ python manage.py shell
>>> from django.contrib.auth.models import User
>>> User.objects.count()

DerniÃ¨re migration appliquÃ©e:
$ python manage.py showmigrations | grep -A 1 "\[X\]"

Version Python:
$ python --version

Version Django:
$ python -c "import django; print(django.VERSION)"

Packages installÃ©s:
$ pip list

Version de Gunicorn:
$ gunicorn --version


â•â•â•â•â•â•â•â•â•â•â•â•â•â•â•â•â•â•â•â•â•â•â•â•â•â•â•â•â•â•â•â•â•â•â•â•â•â•â•â•â•â•â•â•â•â•â•â•â•â•â•â•â•â•â•â•â•â•â•â•â•â•â•â•â•â•â•â•â•â•â•â•â•â•â•â•â•â•â•â•â•â•â•â•â•â•â•

ğŸš€ COMMANDES PRATIQUES QUOTIDIENNES:
â•â•â•â•â•â•â•â•â•â•â•â•â•â•â•â•â•â•â•â•â•â•â•â•â•â•â•â•â•â•â•â•â•â•â•â•â•â•â•â•â•â•â•â•â•â•â•â•â•â•â•â•â•â•â•â•â•â•â•â•â•â•â•â•â•â•â•â•â•â•â•â•â•â•â•â•â•â•â•â•â•â•â•â•


AprÃ¨s chaque dÃ©ploiement:
$ python manage.py migrate
$ python manage.py check

Avant d'appliquer des migrations en production:
$ python manage.py migrate --plan  # Voir ce qui va se passer
$ python manage.py migrate --dry-run  # (si disponible)

VÃ©rifier que tout fonctionne:
$ python manage.py test  # Si vous avez des tests


â•â•â•â•â•â•â•â•â•â•â•â•â•â•â•â•â•â•â•â•â•â•â•â•â•â•â•â•â•â•â•â•â•â•â•â•â•â•â•â•â•â•â•â•â•â•â•â•â•â•â•â•â•â•â•â•â•â•â•â•â•â•â•â•â•â•â•â•â•â•â•â•â•â•â•â•â•â•â•â•â•â•â•â•â•â•â•

ğŸ’¾ SAUVEGARDE & RÃ‰CUPÃ‰RATION:
â•â•â•â•â•â•â•â•â•â•â•â•â•â•â•â•â•â•â•â•â•â•â•â•â•â•â•â•â•â•â•â•â•â•â•â•â•â•â•â•â•â•â•â•â•â•â•â•â•â•â•â•â•â•â•â•â•â•â•â•â•â•â•â•â•â•â•â•â•â•â•â•â•â•â•â•â•â•â•â•â•â•â•â•


Faire un backup de la DB:
$ python manage.py dumpdata > backup.json

TÃ©lÃ©charger le backup (depuis Shell):
â†’ CrÃ©er un fichier dans le Shell
â†’ Voir comment accÃ©der (Render ne permet pas direct download)

Alternative: Utiliser Render Backup (pagÃ©)


â•â•â•â•â•â•â•â•â•â•â•â•â•â•â•â•â•â•â•â•â•â•â•â•â•â•â•â•â•â•â•â•â•â•â•â•â•â•â•â•â•â•â•â•â•â•â•â•â•â•â•â•â•â•â•â•â•â•â•â•â•â•â•â•â•â•â•â•â•â•â•â•â•â•â•â•â•â•â•â•â•â•â•â•â•â•â•

ğŸ“ Ã‰DITER DES FICHIERS DANS LE SHELL:
â•â•â•â•â•â•â•â•â•â•â•â•â•â•â•â•â•â•â•â•â•â•â•â•â•â•â•â•â•â•â•â•â•â•â•â•â•â•â•â•â•â•â•â•â•â•â•â•â•â•â•â•â•â•â•â•â•â•â•â•â•â•â•â•â•â•â•â•â•â•â•â•â•â•â•â•â•â•â•â•â•â•â•â•


Voir un fichier:
$ cat moncv/settings_railway.py

Ã‰diter un fichier (nano):
$ nano moncv/settings_railway.py

Ã‰diter avec vi:
$ vi moncv/settings_railway.py

Chercher du texte dans un fichier:
$ grep -r "ALLOWED_HOSTS" moncv/


â•â•â•â•â•â•â•â•â•â•â•â•â•â•â•â•â•â•â•â•â•â•â•â•â•â•â•â•â•â•â•â•â•â•â•â•â•â•â•â•â•â•â•â•â•â•â•â•â•â•â•â•â•â•â•â•â•â•â•â•â•â•â•â•â•â•â•â•â•â•â•â•â•â•â•â•â•â•â•â•â•â•â•â•â•â•â•

ğŸ¯ WORKFLOWQUOTIDIEN:
â•â•â•â•â•â•â•â•â•â•â•â•â•â•â•â•â•â•â•â•â•â•â•â•â•â•â•â•â•â•â•â•â•â•â•â•â•â•â•â•â•â•â•â•â•â•â•â•â•â•â•â•â•â•â•â•â•â•â•â•â•â•â•â•â•â•â•â•â•â•â•â•â•â•â•â•â•â•â•â•â•â•â•â•


DÃ‰VELOPPEMENT LOCAL:
1. git pull  (mettre Ã  jour)
2. python manage.py runserver
3. ... dÃ©veloppement ...
4. git add -A
5. git commit -m "..."
6. git push origin main

APRÃˆS LE PUSH (sur Render):
1. Attendre le dÃ©ploiement auto (voir Logs)
2. Quand c'est fait, tester le site
3. Si erreur: vÃ©rifier les logs
4. Si migrations: taper dans le Shell: python manage.py migrate


â•â•â•â•â•â•â•â•â•â•â•â•â•â•â•â•â•â•â•â•â•â•â•â•â•â•â•â•â•â•â•â•â•â•â•â•â•â•â•â•â•â•â•â•â•â•â•â•â•â•â•â•â•â•â•â•â•â•â•â•â•â•â•â•â•â•â•â•â•â•â•â•â•â•â•â•â•â•â•â•â•â•â•â•â•â•â•

ğŸ“š RESSOURCES ADDITIONNELLES:
â•â•â•â•â•â•â•â•â•â•â•â•â•â•â•â•â•â•â•â•â•â•â•â•â•â•â•â•â•â•â•â•â•â•â•â•â•â•â•â•â•â•â•â•â•â•â•â•â•â•â•â•â•â•â•â•â•â•â•â•â•â•â•â•â•â•â•â•â•â•â•â•â•â•â•â•â•â•â•â•â•â•â•â•


Django Shell Documentation:
https://docs.djangoproject.com/en/stable/ref/django-admin/#shell

Python Interactive Interpreter:
>>> help(objet)  # Aide sur un objet
>>> dir(objet)   # MÃ©thodes disponibles

Render Documentation:
https://render.com/docs


â•â•â•â•â•â•â•â•â•â•â•â•â•â•â•â•â•â•â•â•â•â•â•â•â•â•â•â•â•â•â•â•â•â•â•â•â•â•â•â•â•â•â•â•â•â•â•â•â•â•â•â•â•â•â•â•â•â•â•â•â•â•â•â•â•â•â•â•â•â•â•â•â•â•â•â•â•â•â•â•â•â•â•â•â•â•â•

âš ï¸ ATTENTION - NE PAS FAIRE:
â•â•â•â•â•â•â•â•â•â•â•â•â•â•â•â•â•â•â•â•â•â•â•â•â•â•â•â•â•â•â•â•â•â•â•â•â•â•â•â•â•â•â•â•â•â•â•â•â•â•â•â•â•â•â•â•â•â•â•â•â•â•â•â•â•â•â•â•â•â•â•â•â•â•â•â•â•â•â•â•â•â•â•â•


âŒ Ne pas modifier DATABASE_URL directement
âŒ Ne pas supprimer les fichiers de migration
âŒ Ne pas Ã©diter les variables d'env depuis le Shell (utiliser Render UI)
âŒ Ne pas faire de git push depuis le Shell Render
âŒ Ne pas modifier SECRET_KEY aprÃ¨s dÃ©ploiement (cassera les sessions)
âŒ Ne pas laisser le Shell ouvert indÃ©finiment (fermer aprÃ¨s utilisation)


â•â•â•â•â•â•â•â•â•â•â•â•â•â•â•â•â•â•â•â•â•â•â•â•â•â•â•â•â•â•â•â•â•â•â•â•â•â•â•â•â•â•â•â•â•â•â•â•â•â•â•â•â•â•â•â•â•â•â•â•â•â•â•â•â•â•â•â•â•â•â•â•â•â•â•â•â•â•â•â•â•â•â•â•â•â•â•

âœ… BONNES PRATIQUES:
â•â•â•â•â•â•â•â•â•â•â•â•â•â•â•â•â•â•â•â•â•â•â•â•â•â•â•â•â•â•â•â•â•â•â•â•â•â•â•â•â•â•â•â•â•â•â•â•â•â•â•â•â•â•â•â•â•â•â•â•â•â•â•â•â•â•â•â•â•â•â•â•â•â•â•â•â•â•â•â•â•â•â•â•


âœ“ Toujours faire python manage.py check avant de dÃ©ployer
âœ“ Toujours faire migrate aprÃ¨s dÃ©ploiement
âœ“ Toujours sauvegarder avant les changements importants
âœ“ Toujours vÃ©rifier les logs en cas d'erreur
âœ“ Toujours utiliser un superuser crÃ©Ã© via Django, pas par SQL
âœ“ Toujours tester localement avant de pousser
âœ“ Toujours garder requirements.txt Ã  jour


â•â•â•â•â•â•â•â•â•â•â•â•â•â•â•â•â•â•â•â•â•â•â•â•â•â•â•â•â•â•â•â•â•â•â•â•â•â•â•â•â•â•â•â•â•â•â•â•â•â•â•â•â•â•â•â•â•â•â•â•â•â•â•â•â•â•â•â•â•â•â•â•â•â•â•â•â•â•â•â•â•â•â•â•â•â•â•

BONNE CHANCE DANS VOS COMMANDES! ğŸš€

